\BOOKMARK [0][-]{chapter*.1}{\376\377\000P\000r\000e\000f\000a\000c\000e}{}% 1
\BOOKMARK [0][-]{chapter*.2}{\376\377\000D\000i\000s\000c\000l\000a\000i\000m\000e\000r}{}% 2
\BOOKMARK [0][-]{chapter*.3}{\376\377\000S\000u\000m\000m\000a\000r\000y}{}% 3
\BOOKMARK [0][-]{section*.4}{\376\377\000N\000o\000m\000e\000n\000c\000l\000a\000t\000u\000r\000e}{}% 4
\BOOKMARK [0][-]{chapter.1}{\376\377\000I\000n\000t\000r\000o\000d\000u\000c\000t\000i\000o\000n}{}% 5
\BOOKMARK [1][-]{section.1.1}{\376\377\000B\000a\000c\000k\000g\000r\000o\000u\000n\000d}{chapter.1}% 6
\BOOKMARK [1][-]{section.1.2}{\376\377\000P\000r\000o\000b\000l\000e\000m\000\040\000D\000e\000f\000i\000n\000i\000t\000i\000o\000n}{chapter.1}% 7
\BOOKMARK [1][-]{section.1.3}{\376\377\000P\000r\000o\000j\000e\000c\000t\000\040\000O\000b\000j\000e\000c\000t\000i\000v\000e}{chapter.1}% 8
\BOOKMARK [1][-]{section.1.4}{\376\377\000R\000e\000s\000e\000a\000r\000c\000h\000\040\000Q\000u\000e\000s\000t\000i\000o\000n\000\050\000s\000\051}{chapter.1}% 9
\BOOKMARK [1][-]{section.1.5}{\376\377\000O\000u\000t\000l\000i\000n\000e\000\040\000o\000f\000\040\000t\000h\000e\000\040\000r\000e\000p\000o\000r\000t}{chapter.1}% 10
\BOOKMARK [0][-]{chapter.2}{\376\377\000L\000i\000t\000e\000r\000a\000t\000u\000r\000e\000\040\000R\000e\000v\000i\000e\000w}{}% 11
\BOOKMARK [1][-]{section.2.1}{\376\377\000P\000e\000r\000c\000e\000p\000t\000i\000o\000n\000\040\000o\000f\000\040\000h\000u\000m\000a\000n\000-\000m\000a\000c\000h\000i\000n\000e\000\040\000i\000n\000t\000e\000r\000a\000c\000t\000i\000o\000n\000\040\000e\000l\000e\000m\000e\000n\000t\000s}{chapter.2}% 12
\BOOKMARK [1][-]{section.2.2}{\376\377\000F\000o\000r\000m\000u\000l\000a\000t\000i\000n\000g\000\040\000i\000n\000t\000e\000r\000a\000c\000t\000i\000o\000n\000-\000p\000o\000i\000n\000t\000\040\000p\000e\000r\000c\000e\000p\000t\000i\000o\000n\000\040\000a\000s\000\040\000a\000\040\000v\000i\000s\000i\000o\000n\000\040\000p\000r\000o\000b\000l\000e\000m}{chapter.2}% 13
\BOOKMARK [1][-]{section.2.3}{\376\377\000P\000u\000b\000l\000i\000c\000\040\000d\000a\000t\000a\000s\000e\000t\000s\000\040\000a\000n\000d\000\040\000a\000n\000n\000o\000t\000a\000t\000i\000o\000n\000\040\000s\000t\000r\000a\000t\000e\000g\000i\000e\000s\000.}{chapter.2}% 14
\BOOKMARK [1][-]{section.2.4}{\376\377\000M\000o\000d\000e\000l\000\040\000d\000e\000s\000i\000g\000n\000\040\000p\000r\000i\000n\000c\000i\000p\000l\000e\000s\000,\000\040\000e\000v\000a\000l\000u\000a\000t\000i\000o\000n\000\040\000m\000e\000t\000r\000i\000c\000s\000,\000\040\000a\000n\000d\000\040\000s\000e\000m\000a\000n\000t\000i\000c\000\040\000i\000n\000t\000e\000r\000p\000r\000e\000t\000a\000t\000i\000o\000n}{chapter.2}% 15
\BOOKMARK [1][-]{section.2.5}{\376\377\000E\000m\000b\000e\000d\000d\000e\000d\000\040\000d\000e\000p\000l\000o\000y\000m\000e\000n\000t\000\040\000c\000o\000n\000s\000t\000r\000a\000i\000n\000t\000s\000\040\000i\000n\000\040\000r\000o\000b\000o\000t\000i\000c\000\040\000p\000e\000r\000c\000e\000p\000t\000i\000o\000n}{chapter.2}% 16
\BOOKMARK [1][-]{section.2.6}{\376\377\000S\000c\000a\000l\000a\000b\000i\000l\000i\000t\000y\000,\000\040\000r\000o\000b\000u\000s\000t\000n\000e\000s\000s\000,\000\040\000a\000n\000d\000\040\000r\000e\000p\000r\000o\000d\000u\000c\000i\000b\000i\000l\000i\000t\000y\000.}{chapter.2}% 17
\BOOKMARK [1][-]{section.2.7}{\376\377\000S\000u\000m\000m\000a\000r\000y\000\040\000a\000n\000d\000\040\000i\000d\000e\000n\000t\000i\000f\000i\000e\000d\000\040\000r\000e\000s\000e\000a\000r\000c\000h\000\040\000g\000a\000p}{chapter.2}% 18
\BOOKMARK [0][-]{chapter.3}{\376\377\000M\000e\000t\000h\000o\000d\000o\000l\000o\000g\000y}{}% 19
\BOOKMARK [1][-]{section.3.1}{\376\377\000O\000v\000e\000r\000v\000i\000e\000w\000\040\000o\000f\000\040\000t\000h\000e\000\040\000p\000r\000o\000p\000o\000s\000e\000d\000\040\000p\000e\000r\000c\000e\000p\000t\000i\000o\000n\000\040\000w\000o\000r\000k\000f\000l\000o\000w}{chapter.3}% 20
\BOOKMARK [1][-]{section.3.2}{\376\377\000D\000a\000t\000a\000s\000e\000t\000\040\000s\000e\000l\000e\000c\000t\000i\000o\000n\000\040\000a\000n\000d\000\040\000p\000r\000e\000p\000a\000r\000a\000t\000i\000o\000n}{chapter.3}% 21
\BOOKMARK [1][-]{section.3.3}{\376\377\000A\000n\000n\000o\000t\000a\000t\000i\000o\000n\000\040\000s\000t\000r\000a\000t\000e\000g\000y\000\040\000a\000n\000d\000\040\000w\000o\000r\000k\000f\000l\000o\000w}{chapter.3}% 22
\BOOKMARK [1][-]{section.3.4}{\376\377\000D\000a\000t\000a\000s\000e\000t\000\040\000q\000u\000a\000l\000i\000t\000y\000\040\000a\000s\000s\000e\000s\000s\000m\000e\000n\000t}{chapter.3}% 23
\BOOKMARK [1][-]{section.3.5}{\376\377\000M\000o\000d\000e\000l\000\040\000a\000r\000c\000h\000i\000t\000e\000c\000t\000u\000r\000e\000s\000\040\000a\000n\000d\000\040\000t\000r\000a\000i\000n\000i\000n\000g\000\040\000s\000t\000r\000a\000t\000e\000g\000y}{chapter.3}% 24
\BOOKMARK [2][-]{subsection.3.5.1}{\376\377\000E\000x\000p\000e\000r\000i\000m\000e\000n\000t\000a\000l\000\040\000h\000a\000r\000d\000w\000a\000r\000e\000\040\000a\000n\000d\000\040\000s\000o\000f\000t\000w\000a\000r\000e\000\040\000e\000n\000v\000i\000r\000o\000n\000m\000e\000n\000t}{section.3.5}% 25
\BOOKMARK [2][-]{subsection.3.5.2}{\376\377\000C\000o\000m\000m\000o\000n\000\040\000t\000r\000a\000i\000n\000i\000n\000g\000\040\000s\000t\000r\000a\000t\000e\000g\000y}{section.3.5}% 26
\BOOKMARK [2][-]{subsection.3.5.3}{\376\377\000M\000a\000s\000k\000\040\000R\000-\000C\000N\000N\000\040\000t\000r\000a\000i\000n\000i\000n\000g}{section.3.5}% 27
\BOOKMARK [2][-]{subsection.3.5.4}{\376\377\000Y\000O\000L\000O\000v\0008\000s\000\040\000s\000e\000g\000m\000e\000n\000t\000a\000t\000i\000o\000n\000\040\000t\000r\000a\000i\000n\000i\000n\000g}{section.3.5}% 28
\BOOKMARK [2][-]{subsection.3.5.5}{\376\377\000L\000o\000s\000s\000\040\000f\000u\000n\000c\000t\000i\000o\000n\000s\000\040\000a\000n\000d\000\040\000o\000p\000t\000i\000m\000i\000z\000a\000t\000i\000o\000n\000\040\000o\000b\000j\000e\000c\000t\000i\000v\000e\000s}{section.3.5}% 29
\BOOKMARK [2][-]{subsection.3.5.6}{\376\377\000O\000C\000R\000-\000b\000a\000s\000e\000d\000\040\000b\000u\000t\000t\000o\000n\000\040\000i\000n\000t\000e\000r\000p\000r\000e\000t\000a\000t\000i\000o\000n}{section.3.5}% 30
\BOOKMARK [1][-]{section.3.6}{\376\377\000E\000v\000a\000l\000u\000a\000t\000i\000o\000n\000\040\000m\000e\000t\000r\000i\000c\000s}{chapter.3}% 31
\BOOKMARK [2][-]{subsection.3.6.1}{\376\377\000Y\000O\000L\000O\000\040\000s\000e\000g\000m\000e\000n\000t\000a\000t\000i\000o\000n\000\040\000e\000v\000a\000l\000u\000a\000t\000i\000o\000n}{section.3.6}% 32
\BOOKMARK [2][-]{subsection.3.6.2}{\376\377\000O\000C\000R\000\040\000e\000v\000a\000l\000u\000a\000t\000i\000o\000n}{section.3.6}% 33
\BOOKMARK [1][-]{section.3.7}{\376\377\000E\000m\000b\000e\000d\000d\000e\000d\000\040\000d\000e\000p\000l\000o\000y\000m\000e\000n\000t\000\040\000a\000n\000d\000\040\000o\000p\000t\000i\000m\000i\000z\000a\000t\000i\000o\000n}{chapter.3}% 34
\BOOKMARK [1][-]{section.3.8}{\376\377\000R\000O\000S\000\040\000p\000i\000p\000e\000l\000i\000n\000e\000\040\000a\000r\000c\000h\000i\000t\000e\000c\000t\000u\000r\000e}{chapter.3}% 35
\BOOKMARK [2][-]{subsection.3.8.1}{\376\377\000D\000e\000p\000l\000o\000y\000m\000e\000n\000t\000\040\000p\000l\000a\000t\000f\000o\000r\000m}{section.3.8}% 36
\BOOKMARK [2][-]{subsection.3.8.2}{\376\377\000N\000o\000d\000e\000\040\000r\000e\000s\000p\000o\000n\000s\000i\000b\000i\000l\000i\000t\000i\000e\000s\000\040\000a\000n\000d\000\040\000o\000u\000t\000p\000u\000t\000s}{section.3.8}% 37
\BOOKMARK [2][-]{subsection.3.8.3}{\376\377\000D\000i\000s\000t\000a\000n\000c\000e\000\040\000e\000s\000t\000i\000m\000a\000t\000i\000o\000n\000\040\000a\000n\000d\000\040\000c\000o\000l\000l\000e\000c\000t\000o\000r\000\040\000d\000e\000s\000i\000g\000n}{section.3.8}% 38
\BOOKMARK [0][-]{chapter.4}{\376\377\000R\000e\000s\000u\000l\000t\000s}{}% 39
\BOOKMARK [1][-]{section.4.1}{\376\377\000D\000a\000t\000a\000s\000e\000t\000\040\000q\000u\000a\000l\000i\000t\000y\000\040\000r\000e\000s\000u\000l\000t\000s}{chapter.4}% 40
\BOOKMARK [1][-]{section.4.2}{\376\377\000Y\000O\000L\000O\000\040\000h\000y\000p\000e\000r\000p\000a\000r\000a\000m\000e\000t\000e\000r\000\040\000t\000u\000n\000i\000n\000g\000\040\000a\000n\000d\000\040\000e\000v\000a\000l\000u\000a\000t\000i\000o\000n}{chapter.4}% 41
\BOOKMARK [2][-]{subsection.4.2.1}{\376\377\000B\000a\000s\000e\000l\000i\000n\000e\000\040\000Y\000O\000L\000O\000v\0008\000s\000\040\000s\000e\000g\000m\000e\000n\000t\000a\000t\000i\000o\000n\000\040\000p\000e\000r\000f\000o\000r\000m\000a\000n\000c\000e}{section.4.2}% 42
\BOOKMARK [2][-]{subsection.4.2.2}{\376\377\000H\000y\000p\000e\000r\000p\000a\000r\000a\000m\000e\000t\000e\000r\000\040\000t\000u\000n\000i\000n\000g\000\040\000r\000e\000s\000u\000l\000t\000s}{section.4.2}% 43
\BOOKMARK [2][-]{subsection.4.2.3}{\376\377\000C\000o\000m\000p\000a\000r\000i\000s\000o\000n\000\040\000w\000i\000t\000h\000\040\000Y\000O\000L\000O\0002\0006}{section.4.2}% 44
\BOOKMARK [2][-]{subsection.4.2.4}{\376\377\000E\000n\000v\000i\000r\000o\000n\000m\000e\000n\000t\000-\000s\000p\000e\000c\000i\000f\000i\000c\000\040\000f\000i\000n\000e\000-\000t\000u\000n\000i\000n\000g\000\040\000w\000i\000t\000h\000\040\000A\000D\000C\000\040\000d\000a\000t\000a}{section.4.2}% 45
\BOOKMARK [1][-]{section.4.3}{\376\377\000O\000C\000R\000\040\000h\000y\000p\000e\000r\000p\000a\000r\000a\000m\000e\000t\000e\000r\000\040\000t\000u\000n\000i\000n\000g\000\040\000a\000n\000d\000\040\000e\000v\000a\000l\000u\000a\000t\000i\000o\000n}{chapter.4}% 46
\BOOKMARK [2][-]{subsection.4.3.1}{\376\377\000O\000C\000R\000\040\000h\000y\000p\000e\000r\000p\000a\000r\000a\000m\000e\000t\000e\000r\000\040\000t\000u\000n\000i\000n\000g}{section.4.3}% 47
\BOOKMARK [2][-]{subsection.4.3.2}{\376\377\000F\000i\000n\000a\000l\000\040\000O\000C\000R\000\040\000b\000e\000n\000c\000h\000m\000a\000r\000k}{section.4.3}% 48
\BOOKMARK [1][-]{section.4.4}{\376\377\000M\000o\000d\000e\000l\000\040\000h\000a\000r\000d\000w\000a\000r\000e\000\040\000o\000p\000t\000i\000m\000i\000z\000a\000t\000i\000o\000n\000\040\000r\000e\000s\000u\000l\000t\000s}{chapter.4}% 49
\BOOKMARK [1][-]{section.4.5}{\376\377\000R\000O\000S\000\040\000p\000i\000p\000e\000l\000i\000n\000e\000\040\000p\000e\000r\000f\000o\000r\000m\000a\000n\000c\000e}{chapter.4}% 50
\BOOKMARK [2][-]{subsection.4.5.1}{\376\377\000Q\000u\000a\000l\000i\000t\000a\000t\000i\000v\000e\000\040\000e\000n\000d\000-\000t\000o\000-\000e\000n\000d\000\040\000p\000i\000p\000e\000l\000i\000n\000e\000\040\000o\000u\000t\000p\000u\000t}{section.4.5}% 51
\BOOKMARK [0][-]{chapter.5}{\376\377\000D\000i\000s\000c\000u\000s\000s\000i\000o\000n}{}% 52
\BOOKMARK [1][-]{section.5.1}{\376\377\000I\000n\000t\000e\000r\000p\000r\000e\000t\000a\000t\000i\000o\000n\000\040\000o\000f\000\040\000t\000h\000e\000\040\000m\000a\000i\000n\000\040\000f\000i\000n\000d\000i\000n\000g\000s}{chapter.5}% 53
\BOOKMARK [1][-]{section.5.2}{\376\377\000R\000e\000l\000a\000t\000i\000o\000n\000\040\000t\000o\000\040\000t\000h\000e\000\040\000r\000e\000s\000e\000a\000r\000c\000h\000\040\000q\000u\000e\000s\000t\000i\000o\000n\000s}{chapter.5}% 54
\BOOKMARK [1][-]{section.5.3}{\376\377\000L\000i\000m\000i\000t\000a\000t\000i\000o\000n\000s}{chapter.5}% 55
\BOOKMARK [1][-]{section.5.4}{\376\377\000I\000m\000p\000l\000i\000c\000a\000t\000i\000o\000n\000s\000\040\000f\000o\000r\000\040\000f\000u\000t\000u\000r\000e\000\040\000r\000o\000b\000o\000t\000\040\000d\000e\000p\000l\000o\000y\000m\000e\000n\000t}{chapter.5}% 56
\BOOKMARK [0][-]{chapter.6}{\376\377\000C\000o\000n\000c\000l\000u\000s\000i\000o\000n\000s\000\040\000a\000n\000d\000\040\000r\000e\000c\000o\000m\000m\000e\000n\000d\000a\000t\000i\000o\000n\000s}{}% 57
\BOOKMARK [1][-]{section.6.1}{\376\377\000C\000o\000n\000c\000l\000u\000s\000i\000o\000n\000s}{chapter.6}% 58
\BOOKMARK [1][-]{section.6.2}{\376\377\000R\000e\000c\000o\000m\000m\000e\000n\000d\000a\000t\000i\000o\000n\000s}{chapter.6}% 59
\BOOKMARK [1][-]{section.6.3}{\376\377\000F\000i\000n\000a\000l\000\040\000r\000e\000f\000l\000e\000c\000t\000i\000o\000n}{chapter.6}% 60
\BOOKMARK [0][-]{appendix.A}{\376\377\000S\000u\000p\000p\000l\000e\000m\000e\000n\000t\000a\000r\000y\000\040\000h\000y\000p\000e\000r\000p\000a\000r\000a\000m\000e\000t\000e\000r\000\040\000t\000u\000n\000i\000n\000g\000\040\000c\000u\000r\000v\000e\000s}{}% 61
\BOOKMARK [1][-]{section.A.1}{\376\377\000Y\000O\000L\000O\000\040\000h\000y\000p\000e\000r\000p\000a\000r\000a\000m\000e\000t\000e\000r\000\040\000t\000u\000n\000i\000n\000g\000\040\000c\000u\000r\000v\000e\000s}{appendix.A}% 62
\BOOKMARK [1][-]{section.A.2}{\376\377\000O\000C\000R\000\040\000h\000y\000p\000e\000r\000p\000a\000r\000a\000m\000e\000t\000e\000r\000\040\000t\000u\000n\000i\000n\000g\000\040\000c\000u\000r\000v\000e\000s}{appendix.A}% 63
\BOOKMARK [0][-]{appendix.B}{\376\377\000S\000u\000p\000p\000l\000e\000m\000e\000n\000t\000a\000r\000y\000\040\000m\000o\000d\000e\000l\000\040\000e\000v\000a\000l\000u\000a\000t\000i\000o\000n\000s}{}% 64
\BOOKMARK [1][-]{section.B.1}{\376\377\000M\000a\000s\000k\000\040\000R\000-\000C\000N\000N\000\040\000c\000h\000e\000c\000k\000p\000o\000i\000n\000t\000\040\000p\000r\000o\000g\000r\000e\000s\000s\000i\000o\000n\000\040\000d\000u\000r\000i\000n\000g\000\040\000a\000n\000n\000o\000t\000a\000t\000i\000o\000n\000\040\000s\000u\000p\000p\000o\000r\000t}{appendix.B}% 65
\BOOKMARK [1][-]{section.B.2}{\376\377\000B\000a\000s\000e\000l\000i\000n\000e\000\040\000Y\000O\000L\000O\000v\0008\000s\000\040\000s\000e\000g\000m\000e\000n\000t\000a\000t\000i\000o\000n\000\040\000v\000e\000r\000s\000u\000s\000\040\000f\000i\000n\000a\000l\000\040\000M\000a\000s\000k\000\040\000R\000-\000C\000N\000N}{appendix.B}% 66
\BOOKMARK [1][-]{section.B.3}{\376\377\000R\000e\000f\000e\000r\000e\000n\000c\000e\000\040\000i\000m\000a\000g\000e\000\040\000f\000o\000r\000\040\000t\000h\000e\000\040\000h\000a\000r\000d\000w\000a\000r\000e\000\040\000o\000p\000t\000i\000m\000i\000z\000a\000t\000i\000o\000n\000\040\000b\000e\000n\000c\000h\000m\000a\000r\000k}{appendix.B}% 67
\BOOKMARK [0][-]{appendix.C}{\376\377\000S\000u\000p\000p\000l\000e\000m\000e\000n\000t\000a\000r\000y\000\040\000d\000e\000p\000l\000o\000y\000m\000e\000n\000t\000\040\000e\000x\000p\000e\000r\000i\000m\000e\000n\000t\000s}{}% 68
\BOOKMARK [1][-]{section.C.1}{\376\377\000U\000n\000f\000i\000l\000t\000e\000r\000e\000d\000\040\000s\000i\000n\000g\000l\000e\000-\000b\000u\000t\000t\000o\000n\000\040\000d\000e\000t\000e\000c\000t\000o\000r\000\040\000c\000o\000m\000p\000a\000r\000i\000s\000o\000n}{appendix.C}% 69
\BOOKMARK [1][-]{section.C.2}{\376\377\000S\000i\000n\000g\000l\000e\000-\000b\000u\000t\000t\000o\000n\000\040\000e\000n\000d\000-\000t\000o\000-\000e\000n\000d\000\040\000c\000o\000n\000f\000i\000d\000e\000n\000c\000e\000\040\000b\000e\000h\000a\000v\000i\000o\000r}{appendix.C}% 70
\BOOKMARK [1][-]{section.C.3}{\376\377\000M\000i\000x\000e\000d\000-\000e\000n\000v\000i\000r\000o\000n\000m\000e\000n\000t\000\040\000r\000e\000p\000l\000a\000y\000\040\000r\000e\000v\000i\000e\000w\000\040\000b\000y\000\040\000d\000i\000s\000t\000a\000n\000c\000e\000\040\000b\000i\000n}{appendix.C}% 71
\BOOKMARK [0][-]{appendix.D}{\376\377\000S\000u\000p\000p\000l\000e\000m\000e\000n\000t\000a\000r\000y\000\040\000d\000a\000t\000a\000s\000e\000t\000\040\000q\000u\000a\000l\000i\000t\000y\000\040\000p\000l\000o\000t\000s}{}% 72
\BOOKMARK [1][-]{section.D.1}{\376\377\000I\000m\000a\000g\000e\000-\000l\000e\000v\000e\000l\000\040\000q\000u\000a\000l\000i\000t\000y\000\040\000d\000i\000s\000t\000r\000i\000b\000u\000t\000i\000o\000n\000s}{appendix.D}% 73
\BOOKMARK [1][-]{section.D.2}{\376\377\000S\000p\000a\000t\000i\000a\000l\000\040\000b\000u\000t\000t\000o\000n\000\040\000d\000i\000s\000t\000r\000i\000b\000u\000t\000i\000o\000n}{appendix.D}% 74
\BOOKMARK [0][-]{appendix.E}{\376\377\000R\000O\000S\000\040\000p\000i\000p\000e\000l\000i\000n\000e\000\040\000p\000a\000r\000a\000m\000e\000t\000e\000r\000\040\000r\000e\000f\000e\000r\000e\000n\000c\000e}{}% 75
\BOOKMARK [1][-]{section.E.1}{\376\377\000Y\000O\000L\000O\000\040\000i\000n\000f\000e\000r\000e\000n\000c\000e\000\040\000n\000o\000d\000e}{appendix.E}% 76
\BOOKMARK [1][-]{section.E.2}{\376\377\000O\000C\000R\000\040\000i\000n\000f\000e\000r\000e\000n\000c\000e\000\040\000n\000o\000d\000e}{appendix.E}% 77
\BOOKMARK [1][-]{section.E.3}{\376\377\000A\000c\000t\000i\000v\000e\000\040\000D\000a\000t\000a\000\040\000C\000o\000l\000l\000e\000c\000t\000o\000r}{appendix.E}% 78
\BOOKMARK [1][-]{section.E.4}{\376\377\000D\000e\000t\000a\000i\000l\000e\000d\000\040\000r\000u\000n\000t\000i\000m\000e\000\040\000t\000i\000m\000i\000n\000g\000\040\000b\000r\000e\000a\000k\000d\000o\000w\000n}{appendix.E}% 79
\BOOKMARK [1][-]{section.E.5}{\376\377\000E\000x\000a\000m\000p\000l\000e\000\040\000f\000i\000n\000a\000l\000\040\000p\000i\000p\000e\000l\000i\000n\000e\000\040\000o\000u\000t\000p\000u\000t}{appendix.E}% 80
